// Jest Snapshot v1, https://goo.gl/fbAQLP

exports[`Table.vue renders correctly 1`] = `
<b-card-stub
  bodytag="div"
  footertag="div"
  header="Table"
  headertag="div"
  subtitle=""
  subtitletag="h6"
  subtitletextvariant="muted"
  tag="div"
  title=""
  titletag="h4"
>
  <b-table-stub
    apiurl=""
    currentpage="1"
    emptyfilteredtext="There are no records matching your request"
    emptytext="There are no records to show"
    fields=""
    footvariant=""
    headvariant=""
    items=""
    labelsortasc="Click to sort Ascending"
    labelsortdesc="Click to sort Descending"
    perpage="5"
    responsive="sm"
    selectedvariant="primary"
    selectmode="multi"
    sortdirection="asc"
    value=""
  />
   
  <nav>
    <b-pagination-stub
      align="left"
      arialabel="Pagination"
      ellipsistext="…"
      firsttext="«"
      hidegotoendbuttons="true"
      labelfirstpage="Go to first page"
      labellastpage="Go to last page"
      labelnextpage="Go to next page"
      labelpage="Go to page"
      labelprevpage="Go to previous page"
      lasttext="»"
      limit="5"
      nexttext="Next"
      perpage="5"
      prevtext="Prev"
      size="md"
      totalrows="0"
      value="1"
    />
  </nav>
</b-card-stub>
`;
